// Jest Snapshot v1, https://goo.gl/fbAQLP

exports[`Testing text snapshot 1`] = `
<span>
  My Test
</span>
`;
